// Jest Snapshot v1, https://goo.gl/fbAQLP

exports[`Login component  component should match the snapshot 1`] = `
<Fragment>
  <div
    className="container-fluid"
  >
    <div
      className="row no-gutter"
    >
      <div
        className="d-none d-md-flex col-md-4 col-lg-6 bg-image"
      />
      <div
        className="col-md-8 col-lg-6"
      >
        <div
          className="login d-flex align-items-center py-5"
        >
          <div
            className="container"
          >
            <div
              className="row"
            >
              <div
                className="col-md-9 col-lg-8 mx-auto"
              >
                <h3
                  className="login-heading mb-4"
                >
                  Login to Continue
                </h3>
                <form
                  onSubmit={[MockFunction]}
                >
                  <div
                    className="form-group"
                  >
                    <input
                      className="form-control"
                      name="username"
                      onChange={[MockFunction]}
                      placeholder="username"
                      required="required"
                      type="text"
                      value=""
                    />
                  </div>
                  <div
                    className="form-group"
                  >
                    <input
                      className="form-control"
                      name="password"
                      onChange={[MockFunction]}
                      placeholder="Password"
                      required="required"
                      type="password"
                      value=""
                    />
                  </div>
                  <button
                    className="btn btn-lg btn-primary btn-block btn-login text-uppercase font-weight-bold mb-2"
                    type="submit"
                  >
                    Log in
                  </button>
                  <div
                    className="text-center"
                  >
                    <a
                      className="small"
                      href="#gggg"
                    >
                      Forgot password?
                    </a>
                  </div>
                </form>
              </div>
            </div>
          </div>
        </div>
      </div>
    </div>
  </div>
</Fragment>
`;
