// Jest Snapshot v1, https://goo.gl/fbAQLP

exports[`Landing Component matches the snapshot 1`] = `
<div>
  <body
    id="page-top"
  >
    <nav
      id="navigation"
    >
      <div
        className="container text-center"
      >
        <ul
          className="navHold"
        >
          <li>
            <a
              href="/"
            >
              Home
            </a>
          </li>
          <li>
            <a
              href="/"
            >
              Redflags
            </a>
          </li>
          <li>
            <a
              href="/"
            >
              Interventions
            </a>
          </li>
          <li
            className="subNav"
          >
            Get started
            <ul>
              <li>
                <a
                  href="/"
                >
                  Sign up
                </a>
              </li>
              <li>
                <a
                  href="/"
                >
                  Login
                </a>
              </li>
            </ul>
          </li>
        </ul>
      </div>
      <div
        className="logosmall hidels"
      >
        <img
          alt="pic"
          height="24px"
          src="assets/img/testlogosmall.png"
        />
      </div>
      <div
        className="navResponsive"
      />
    </nav>
    <div
      className="container"
    >
      <article>
        <h1>
          Welcome to iReporter
        </h1>
        <p>
          Corruption is a huge bane to Africaâ€™s development. African countries must develop novel and localised solutions that will curb this menace, hence the birth of iReporter. iReporter enables any/every citizen to bring any form of corruption to the notice of appropriate authorities and the general public. Users can also report on things that needs government intervention
        </p>
      </article>
    </div>
  </body>
</div>
`;
